// Jest Snapshot v1, https://goo.gl/fbAQLP

exports[`should load setup module and pass custom through transform (--setup) 1`] = `
"module.exports = [
  ['TOKEN_A', 'red'],
]
"
`;

exports[`should pass through transform (--transform) 1`] = `
"
$token-a: rgb(255, 0, 0);

"
`;

exports[`should print the result if no --dest is passed 1`] = `
"
$token-a: red;

"
`;

exports[`should write the result to --dest 1`] = `
"✏️  scss tokens created at \\".tmp/tokens.scss\\"
"
`;
